== Sistema operativo y arquitectura ==
Linux
x86_64
Entorno: Ubuntu en WSL 2
PRETTY_NAME="Ubuntu 26.04.1 LTS"

== Shell por defecto ==
/bin/bash

== Espacio libre en disco (unidad del repositorio) ==
Filesystem      Size  Used Avail Use% Mounted on
/dev/sdd       1007G   33G  923G   4% /

== Memoria disponible para Linux y Docker ==
               total        used        free      shared  buff/cache   available
Mem:           7.6Gi       1.4Gi       5.7Gi       3.5Mi       707Mi       6.2Gi
Swap:          2.0Gi          0B       2.0Gi

== Herramientas de trabajo (Parte 0) ==
OK git
OK gh
OK curl
OK wget
OK unzip
FALTA jq
OK tree
FALTA htop
OK tmux
FALTA shellcheck

== Git ==
git version 2.53.0
pablogarmar04@gmail.com
